<?xml version="1.0" encoding="utf-8"?><testsuites><testsuite name="pytest" errors="0" failures="0" skipped="2" tests="45" time="0.787" timestamp="2026-06-15T12:49:39.057605+00:00" hostname="devbox"><testcase classname="tests.test_agent" name="test_clean_command_markdown" time="0.001"><skipped type="pytest.skip" message="Agent module is not available in the guardian container">/app/tests/test_agent.py:16: Agent module is not available in the guardian container</skipped></testcase><testcase classname="tests.test_agent" name="test_clean_command_fallback" time="0.000"><skipped type="pytest.skip" message="Agent module is not available in the guardian container">/app/tests/test_agent.py:24: Agent module is not available in the guardian container</skipped></testcase><testcase classname="tests.test_benchmark.TestBenchmark" name="test_safe_commands" time="0.053" /><testcase classname="tests.test_benchmark.TestBenchmark" name="test_dangerous_commands" time="0.001" /><testcase classname="tests.test_benchmark.TestBenchmark" name="test_intent_coherence" time="0.047" /><testcase classname="tests.test_benchmark.TestBenchmark" name="test_full_report" time="0.000" /><testcase classname="tests.test_forensics.test_analyzer" name="test_escalation_logic" time="0.048" /><testcase classname="tests.test_forensics.test_analyzer" name="test_intent_drift_triggered" time="0.001" /><testcase classname="tests.test_forensics.test_analyzer" name="test_injection_triggered" time="0.001" /><testcase classname="tests.test_forensics.test_analyzer" name="test_llm_failure_handling" time="0.001" /><testcase classname="tests.test_forensics.test_analyzer" name="test_anomaly_score_calculation" time="0.001" /><testcase classname="tests.test_forensics.test_annotator" name="test_annotation_basic" time="0.000" /><testcase classname="tests.test_forensics.test_annotator" name="test_annotation_risky" time="0.000" /><testcase classname="tests.test_forensics.test_annotator" name="test_annotation_unknown" time="0.000" /><testcase classname="tests.test_forensics.test_annotator" name="test_annotation_non_tool" time="0.000" /><testcase classname="tests.test_forensics.test_annotator" name="test_risk_progression_and_max" time="0.000" /><testcase classname="tests.test_forensics.test_annotator" name="test_binary_extraction_paths" time="0.000" /><testcase classname="tests.test_forensics.test_annotator" name="test_binary_extraction_bash_no_input" time="0.000" /><testcase classname="tests.test_forensics.test_forensics_api" name="test_analyze_success" time="0.007" /><testcase classname="tests.test_forensics.test_forensics_api" name="test_analyze_missing_field" time="0.002" /><testcase classname="tests.test_forensics.test_forensics_api" name="test_analyze_unauthorized" time="0.002" /><testcase classname="tests.test_forensics.test_forensics_api" name="test_analyze_pipeline_failure" time="0.002" /><testcase classname="tests.test_forensics.test_parser" name="test_detect_framework_openhands" time="0.001" /><testcase classname="tests.test_forensics.test_parser" name="test_detect_framework_sweagent" time="0.000" /><testcase classname="tests.test_forensics.test_parser" name="test_detect_framework_openclaw" time="0.000" /><testcase classname="tests.test_forensics.test_parser" name="test_parse_openhands_fixture" time="0.001" /><testcase classname="tests.test_forensics.test_parser" name="test_parse_swereact_fixture" time="0.001" /><testcase classname="tests.test_forensics.test_parser" name="test_openclaw_stub" time="0.001" /><testcase classname="tests.test_forensics.test_parser" name="test_parse_raw_string" time="0.001" /><testcase classname="tests.test_forensics.test_report" name="test_report_generation_and_serialization" time="0.001" /><testcase classname="tests.test_forensics.test_report" name="test_summary_assembly_with_flags" time="0.001" /><testcase classname="tests.test_forensics.test_report" name="test_summary_assembly_no_flags" time="0.001" /><testcase classname="tests.test_forensics.test_report" name="test_timeline_filtering" time="0.001" /><testcase classname="tests.test_guardian" name="test_normalize_command_ifs" time="0.000" /><testcase classname="tests.test_guardian" name="test_normalize_command_encoding" time="0.000" /><testcase classname="tests.test_guardian" name="test_normalize_command_subshells" time="0.001" /><testcase classname="tests.test_guardian" name="test_dual_path_validation" time="0.001" /><testcase classname="tests.test_guardian" name="test_case_insensitive_matching" time="0.001" /><testcase classname="tests.test_guardian" name="test_command_length_limit" time="0.001" /><testcase classname="tests.test_guardian" name="test_secret_masking" time="0.003" /><testcase classname="tests.test_guardian" name="test_extract_binaries_redirection" time="0.001" /><testcase classname="tests.test_intent" name="test_classify_command" time="0.001" /><testcase classname="tests.test_intent" name="test_classify_task" time="0.001" /><testcase classname="tests.test_intent" name="test_check_intent_mapping" time="0.000" /><testcase classname="tests.test_intent" name="test_check_intent_llm" time="0.002" /></testsuite></testsuites>